19:26:04.067 [INFO] Carpeta de salida: C:\.TBT\Proyectos\_Revit_EXE_Geometrias\_Documentos generados
19:26:04.092 [INFO] Modo de proyecto detectado: CSharp
19:26:04.102 [DBG ] AssemblyResolve: System.Collections.Immutable <- C:\.TBT\Proyectos\_Otros_EXE_Analizador\bin\Output\libs\System.Collections.Immutable.dll
19:26:04.121 [DBG ] AssemblyResolve: Microsoft.CodeAnalysis.CSharp <- C:\.TBT\Proyectos\_Otros_EXE_Analizador\bin\Output\libs\Microsoft.CodeAnalysis.CSharp.dll
19:26:04.150 [DBG ] AssemblyResolve: Microsoft.CodeAnalysis <- C:\.TBT\Proyectos\_Otros_EXE_Analizador\bin\Output\libs\Microsoft.CodeAnalysis.dll
19:26:04.189 [INFO] ProjectAnalyzer: smoke test de Roslyn...
19:26:04.312 [INFO] ProjectAnalyzer: smoke test OK - Roslyn cargó correctamente
19:26:04.333 [INFO] ProjectAnalyzer: 78 archivos .cs encontrados en C:\.TBT\Proyectos\_Revit_EXE_Geometrias
19:26:04.333 [INFO] ProjectAnalyzer: parseo paralelo con 16 hilos para 78 archivos.
19:26:04.796 [INFO] ProjectAnalyzer: parseo completado: 78 árboles, 0 fallos.
19:26:04.869 [INFO] ProjectAnalyzer: Compilation creada con 78 árboles y 14 referencias.
19:26:08.764 [INFO] ProjectAnalyzer: procesados=78, ok=78, filtrados=0, fallidos=0, clases=97, clases_totales=97, namespaces=14, lineas=28516
19:26:08.775 [DBG ] Generador → MarkdownGenerator
19:26:08.776 [DBG ] Generador → ObsidianDocGenerator
19:26:08.777 [DBG ] Generador → JsonGenerator
19:26:08.777 [DBG ] Generador → DgmlGenerator
19:26:08.777 [DBG ] Generador → JsonlAiIndexGenerator
19:26:08.777 [DBG ] Generador → CsvGenerator
19:26:08.777 [DBG ] Generador → RelationsGenerator
19:26:08.777 [DBG ] Generador → FileIndexGenerator
19:26:08.777 [DBG ] Generador → PlantUmlGenerator
19:26:08.777 [DBG ] Generador → NamespaceDiagramGenerator
19:26:08.777 [DBG ] Generador → MermaidGenerator
19:26:08.781 [INFO] Generador FileIndexGenerator: OK (3ms)
19:26:08.777 [DBG ] Generador → RoslynDumpGenerator
19:26:08.799 [WARN] Mermaid: 97 clases. Limitando classDiagram a 80 principales (evita timeout)
19:26:08.801 [INFO] Generador DgmlGenerator: OK (23ms)
19:26:08.801 [INFO] Generador CsvGenerator: OK (24ms)
19:26:08.803 [WARN] Mermaid flowchart: 97 clases. Limitando a 80 principales (evita 'Maximum text size')
19:26:08.803 [INFO] Generador ObsidianDocGenerator: OK (26ms)
19:26:08.806 [INFO] Generador JsonGenerator: OK (29ms)
19:26:08.807 [INFO] Generador NamespaceDiagramGenerator: OK (30ms)
19:26:08.813 [WARN] Mermaid classDiagram: 80 clases. Generando versión compacta para evitar 'Maximum text size'.
19:26:08.821 [INFO] Generador MermaidGenerator: OK (44ms)
19:26:08.825 [INFO] Generador MarkdownGenerator: OK (49ms)
19:26:08.834 [INFO] Generador PlantUmlGenerator: OK (56ms)
19:26:08.883 [INFO] Generador RoslynDumpGenerator: OK (106ms)
19:26:08.889 [INFO] Generador RelationsGenerator: OK (112ms)
19:26:08.889 [INFO] Generador JsonlAiIndexGenerator: OK (111ms)
19:26:08.904 [DBG ] Generador → PlantUmlRenderer
19:26:08.904 [DBG ] Generador → MermaidRenderer
19:26:17.564 [INFO] Generador PlantUmlRenderer: OK (8660ms)
19:26:18.639 [INFO] Generador MermaidRenderer: OK (9735ms)
19:26:18.641 [DBG ] Generador → HtmlViewerGenerator
19:26:18.647 [INFO] Generador HtmlViewerGenerator: OK (5ms)
19:26:18.647 [DBG ] Generador → GlobalMarkdownGenerator
19:26:18.694 [INFO] Generador GlobalMarkdownGenerator: OK (46ms)
19:26:18.695 [DBG ] Generador → MermaidRepairGenerator
19:26:18.733 [INFO] Generador MermaidRepairGenerator: OK (38ms)
19:26:18.734 [DBG ] Generador → PdfReportGenerator
19:26:23.098 [INFO] Generador PdfReportGenerator: OK (4364ms)
19:26:23.099 [DBG ] Generador → AgentIndexGenerator
19:26:23.176 [INFO] Generador AgentIndexGenerator: OK (76ms)
19:26:23.176 [INFO] Generadores: 19 OK, 0 FAIL
19:26:23.176 [INFO] AnalyzerFacade.Run fin: ok=True durationMs=19112
